// Vitest Snapshot v1, https://vitest.dev/guide/snapshot.html

exports[`Golden tests > service-account mutation schemas match snapshot 1`] = `
[
  {
    "inputSchema": {
      "$schema": "https://json-schema.org/draft/2020-12/schema",
      "properties": {
        "iatFutureRestriction": {
          "description": "Horizon duration string, for example "5 minutes".",
          "type": "string",
        },
        "iatPastRestriction": {
          "description": "Horizon duration string, for example "5 minutes".",
          "type": "string",
        },
        "identifierMapping": {
          "description": "Template used to derive the authenticated principal identifier.",
          "type": "string",
        },
        "jwtAllowedClockSkew": {
          "description": "Horizon duration string, for example "5 minutes".",
          "type": "string",
        },
        "name": {
          "description": "Service-account name. Immutable primary key.",
          "type": "string",
        },
        "permissions": {
          "description": "Permissions granted to principals authenticated by this account.",
          "items": {
            "properties": {
              "filter": {
                "description": "Optional HPQL filter applied to this permission.",
                "type": "string",
              },
              "value": {
                "description": "Horizon permission string.",
                "type": "string",
              },
            },
            "required": [
              "value",
            ],
            "type": "object",
          },
          "type": "array",
        },
        "roles": {
          "description": "Existing roles granted to successfully authenticated principals.",
          "items": {
            "type": "string",
          },
          "type": "array",
        },
        "trustConfig": {
          "description": "JWT trust configuration, either an inline static JWKS or dynamic JWKS URL.",
          "oneOf": [
            {
              "properties": {
                "jwks": {
                  "description": "JWKS JSON document, serialized as a string.",
                  "type": "string",
                },
                "type": {
                  "const": "static_jwks",
                  "type": "string",
                },
              },
              "required": [
                "type",
                "jwks",
              ],
              "type": "object",
            },
            {
              "properties": {
                "proxy": {
                  "description": "Name of an existing HTTP proxy configuration.",
                  "type": "string",
                },
                "type": {
                  "const": "dynamic_jwks",
                  "type": "string",
                },
                "url": {
                  "description": "Absolute HTTP(S) URL from which Horizon fetches the JWKS.",
                  "format": "uri",
                  "type": "string",
                },
              },
              "required": [
                "type",
                "url",
              ],
              "type": "object",
            },
          ],
        },
        "validationRules": {
          "description": "Condition templates evaluated against incoming JWT claims.",
          "items": {
            "type": "string",
          },
          "type": "array",
        },
      },
      "required": [
        "name",
        "trustConfig",
        "validationRules",
        "permissions",
        "roles",
      ],
      "type": "object",
    },
    "name": "create_service_account",
  },
  {
    "inputSchema": {
      "$schema": "https://json-schema.org/draft/2020-12/schema",
      "properties": {
        "expected_name": {
          "description": "Must exactly match name as a deletion safeguard.",
          "type": "string",
        },
        "name": {
          "description": "service account name to delete.",
          "type": "string",
        },
      },
      "required": [
        "name",
        "expected_name",
      ],
      "type": "object",
    },
    "name": "delete_service_account",
  },
  {
    "inputSchema": {
      "$schema": "https://json-schema.org/draft/2020-12/schema",
      "properties": {
        "clear_fields": {
          "description": "Top-level optional fields to null explicitly.",
          "items": {
            "type": "string",
          },
          "type": "array",
        },
        "iatFutureRestriction": {
          "description": "Horizon duration string, for example "5 minutes".",
          "type": "string",
        },
        "iatPastRestriction": {
          "description": "Horizon duration string, for example "5 minutes".",
          "type": "string",
        },
        "identifierMapping": {
          "type": "string",
        },
        "jwtAllowedClockSkew": {
          "description": "Horizon duration string, for example "5 minutes".",
          "type": "string",
        },
        "name": {
          "description": "Service-account name to update (immutable key).",
          "type": "string",
        },
        "permissions": {
          "description": "Permissions granted to principals authenticated by this account.",
          "items": {
            "properties": {
              "filter": {
                "description": "Optional HPQL filter applied to this permission.",
                "type": "string",
              },
              "value": {
                "description": "Horizon permission string.",
                "type": "string",
              },
            },
            "required": [
              "value",
            ],
            "type": "object",
          },
          "type": "array",
        },
        "roles": {
          "description": "Existing roles granted to successfully authenticated principals.",
          "items": {
            "type": "string",
          },
          "type": "array",
        },
        "trustConfig": {
          "description": "JWT trust configuration, either an inline static JWKS or dynamic JWKS URL.",
          "oneOf": [
            {
              "properties": {
                "jwks": {
                  "description": "JWKS JSON document, serialized as a string.",
                  "type": "string",
                },
                "type": {
                  "const": "static_jwks",
                  "type": "string",
                },
              },
              "required": [
                "type",
                "jwks",
              ],
              "type": "object",
            },
            {
              "properties": {
                "proxy": {
                  "description": "Name of an existing HTTP proxy configuration.",
                  "type": "string",
                },
                "type": {
                  "const": "dynamic_jwks",
                  "type": "string",
                },
                "url": {
                  "description": "Absolute HTTP(S) URL from which Horizon fetches the JWKS.",
                  "format": "uri",
                  "type": "string",
                },
              },
              "required": [
                "type",
                "url",
              ],
              "type": "object",
            },
          ],
        },
        "validationRules": {
          "description": "Condition templates evaluated against incoming JWT claims.",
          "items": {
            "type": "string",
          },
          "type": "array",
        },
      },
      "required": [
        "name",
      ],
      "type": "object",
    },
    "name": "update_service_account",
  },
]
`;

exports[`Golden tests > tool schemas match snapshot 1`] = `
[
  {
    "inputSchema": {
      "$schema": "https://json-schema.org/draft/2020-12/schema",
      "properties": {
        "chart": {
          "additionalProperties": {},
          "description": "Chart configuration object. Required fields: {"type": "donut", "title": "My Chart", "localQuery": "status is valid", "fields": ["keyType"]}. Valid chart types: area, donut, heatmap, bar-horizontal, line, metric, pie, polar, pyramid, radar, table, treemap, bar-vertical. Optional layout: "x", "y", "w", "h", "i" (grid position/size/id). Optional: "limit" (max buckets), "sortOrder" ("Asc"|"Desc"|"KeyAsc"|"KeyDesc"), "direction" ("asc"|"desc"), "colors" (["#A6ADF7", "#4D54A2", ...]), "log" (boolean - logarithmic scale), "description" (string).",
          "propertyNames": {
            "type": "string",
          },
          "type": "object",
        },
        "dashboard_name": {
          "description": "Name of the dashboard to modify.",
          "type": "string",
        },
      },
      "required": [
        "dashboard_name",
        "chart",
      ],
      "type": "object",
    },
    "name": "add_dashboard_chart",
  },
  {
    "inputSchema": {
      "$schema": "https://json-schema.org/draft/2020-12/schema",
      "properties": {
        "group_by": {
          "description": "List of field names to group by (camelCase).",
          "items": {
            "type": "string",
          },
          "type": "array",
        },
        "having": {
          "description": "Optional post-aggregation filter on count.",
          "properties": {
            "operator": {
              "description": "Comparison operator.",
              "enum": [
                "gt",
                "gte",
                "lt",
                "lte",
                "eq",
                "ne",
              ],
              "type": "string",
            },
            "value": {
              "description": "Threshold count value.",
              "type": "number",
            },
          },
          "required": [
            "operator",
            "value",
          ],
          "type": "object",
        },
        "query": {
          "description": "HCQL filter expression (ALL LOWERCASE field names).",
          "type": "string",
        },
        "sort_order": {
          "default": "Desc",
          "description": "Bucket sort order.",
          "enum": [
            "Asc",
            "Desc",
            "KeyAsc",
            "KeyDesc",
          ],
          "type": "string",
        },
      },
      "required": [
        "query",
        "group_by",
      ],
      "type": "object",
    },
    "name": "aggregate_certificates",
  },
  {
    "inputSchema": {
      "$schema": "https://json-schema.org/draft/2020-12/schema",
      "properties": {
        "group_by": {
          "description": "List of field names to group by (camelCase).",
          "items": {
            "type": "string",
          },
          "type": "array",
        },
        "having": {
          "description": "Optional post-aggregation filter on count.",
          "properties": {
            "operator": {
              "description": "Comparison operator.",
              "enum": [
                "gt",
                "gte",
                "lt",
                "lte",
                "eq",
                "ne",
              ],
              "type": "string",
            },
            "value": {
              "description": "Threshold count value.",
              "type": "number",
            },
          },
          "required": [
            "operator",
            "value",
          ],
          "type": "object",
        },
        "query": {
          "description": "HRQL filter expression (ALL LOWERCASE field names).",
          "type": "string",
        },
        "sort_order": {
          "default": "Desc",
          "description": "Bucket sort order.",
          "enum": [
            "Asc",
            "Desc",
            "KeyAsc",
            "KeyDesc",
          ],
          "type": "string",
        },
      },
      "required": [
        "query",
        "group_by",
      ],
      "type": "object",
    },
    "name": "aggregate_requests",
  },
  {
    "inputSchema": {
      "$schema": "https://json-schema.org/draft/2020-12/schema",
      "properties": {
        "request_id": {
          "description": "The request ID to approve.",
          "type": "string",
        },
      },
      "required": [
        "request_id",
      ],
      "type": "object",
    },
    "name": "approve_request",
  },
  {
    "inputSchema": {
      "$schema": "https://json-schema.org/draft/2020-12/schema",
      "properties": {
        "request_id": {
          "description": "The request ID to cancel.",
          "type": "string",
        },
      },
      "required": [
        "request_id",
      ],
      "type": "object",
    },
    "name": "cancel_request",
  },
  {
    "inputSchema": {
      "$schema": "https://json-schema.org/draft/2020-12/schema",
      "properties": {
        "alias": {
          "default": "horizon",
          "description": "Key entry alias in the JKS keystore",
          "type": "string",
        },
        "jks_password": {
          "description": "Password for the output JKS keystore (defaults to pkcs12_password)",
          "type": "string",
        },
        "pkcs12_base64": {
          "description": "Base64-encoded PKCS#12 bundle",
          "type": "string",
        },
        "pkcs12_password": {
          "description": "Password for the PKCS#12 bundle",
          "type": "string",
        },
      },
      "required": [
        "pkcs12_base64",
        "pkcs12_password",
      ],
      "type": "object",
    },
    "name": "convert_pkcs12_to_jks",
  },
  {
    "inputSchema": {
      "$schema": "https://json-schema.org/draft/2020-12/schema",
      "properties": {
        "charts": {
          "description": "List of chart objects (default: empty list for blank dashboard). Each chart: {"type": "donut", "title": "My Chart", "localQuery": "status is valid", "fields": ["keyType"], "i": "1", "x": 0, "y": 0, "w": 6, "h": 4}. Recommended: start with charts=[] and use add_dashboard_chart interactively.",
          "items": {
            "additionalProperties": {},
            "propertyNames": {
              "type": "string",
            },
            "type": "object",
          },
          "type": "array",
        },
        "dashboard_type": {
          "description": "Dashboard scope - "certificate" or "request".",
          "enum": [
            "certificate",
            "request",
          ],
          "type": "string",
        },
        "description": {
          "description": "Optional human-readable description.",
          "type": "string",
        },
        "name": {
          "description": "Unique dashboard name (IMMUTABLE - cannot be renamed later).",
          "type": "string",
        },
      },
      "required": [
        "name",
        "dashboard_type",
      ],
      "type": "object",
    },
    "name": "create_dashboard",
  },
  {
    "inputSchema": {
      "$schema": "https://json-schema.org/draft/2020-12/schema",
      "properties": {
        "authorization_levels": {
          "additionalProperties": {},
          "description": "Access control for search and feed operations. Required shape: {"search": {"accessLevel": "authenticated"}, "feed": {"accessLevel": "authorized"}}. Valid accessLevel values: "everyone", "authenticated", "authorized". Optional per-section: "enforcedIdentityProviders": ["idp-name"].",
          "properties": {
            "feed": {
              "additionalProperties": {},
              "properties": {
                "accessLevel": {
                  "enum": [
                    "everyone",
                    "authenticated",
                    "authorized",
                  ],
                  "type": "string",
                },
                "enforcedIdentityProviders": {
                  "items": {
                    "type": "string",
                  },
                  "type": "array",
                },
              },
              "required": [
                "accessLevel",
              ],
              "type": "object",
            },
            "search": {
              "additionalProperties": {},
              "properties": {
                "accessLevel": {
                  "enum": [
                    "everyone",
                    "authenticated",
                    "authorized",
                  ],
                  "type": "string",
                },
                "enforcedIdentityProviders": {
                  "items": {
                    "type": "string",
                  },
                  "type": "array",
                },
              },
              "required": [
                "accessLevel",
              ],
              "type": "object",
            },
          },
          "required": [
            "search",
            "feed",
          ],
          "type": "object",
        },
        "description": {
          "description": "Optional human-readable description.",
          "type": "string",
        },
        "enabled": {
          "default": true,
          "description": "Whether the campaign is active (default true).",
          "type": "boolean",
        },
        "event_on_failure": {
          "default": true,
          "description": "Generate events on scan failures (default true).",
          "type": "boolean",
        },
        "event_on_success": {
          "default": true,
          "description": "Generate events on successful scans (default true).",
          "type": "boolean",
        },
        "event_on_warning": {
          "default": true,
          "description": "Generate events on scan warnings (default true).",
          "type": "boolean",
        },
        "grading_policies": {
          "description": "Optional list of grading policy names to apply.",
          "items": {
            "type": "string",
          },
          "type": "array",
        },
        "hosts": {
          "description": "Optional list of hosts/IP ranges to scan.",
          "items": {
            "type": "string",
          },
          "type": "array",
        },
        "name": {
          "description": "Unique campaign name (no dots allowed).",
          "type": "string",
        },
        "ports": {
          "description": "Optional list of ports to scan.",
          "items": {
            "maximum": 9007199254740991,
            "minimum": -9007199254740991,
            "type": "integer",
          },
          "type": "array",
        },
      },
      "required": [
        "name",
        "authorization_levels",
      ],
      "type": "object",
    },
    "name": "create_discovery_campaign",
  },
  {
    "inputSchema": {
      "$schema": "https://json-schema.org/draft/2020-12/schema",
      "properties": {
        "description": {
          "description": "Human-readable description.",
          "type": "string",
        },
        "display_name": {
          "description": "Localized display names, e.g. [{lang: 'en', value: 'My DS'}].",
          "items": {
            "properties": {
              "lang": {
                "type": "string",
              },
              "value": {
                "type": "string",
              },
            },
            "required": [
              "lang",
              "value",
            ],
            "type": "object",
          },
          "type": "array",
        },
        "host": {
          "description": "DNS server IP address. Omit for Horizon's default resolver.",
          "type": "string",
        },
        "lookup": {
          "description": "DNS hostname to look up - supports {{key}} TemplateString syntax.",
          "type": "string",
        },
        "name": {
          "description": "Unique datasource name (immutable primary key).",
          "type": "string",
        },
        "port": {
          "default": 53,
          "description": "DNS server port (default 53).",
          "maximum": 9007199254740991,
          "minimum": -9007199254740991,
          "type": "integer",
        },
        "record_types": {
          "description": "DNS record types to return: "a", "aaaa", "cname", "ptr", "txt". Omit for all.",
          "items": {
            "type": "string",
          },
          "type": "array",
        },
        "timeout": {
          "default": "10 seconds",
          "description": "Query timeout in duration format (default "10 seconds").",
          "type": "string",
        },
      },
      "required": [
        "name",
        "lookup",
      ],
      "type": "object",
    },
    "name": "create_dns_datasource",
  },
  {
    "inputSchema": {
      "$schema": "https://json-schema.org/draft/2020-12/schema",
      "properties": {
        "attributes": {
          "description": "Attributes to return. Each: {key, multi, selected}.",
          "items": {
            "properties": {
              "key": {
                "type": "string",
              },
              "multi": {
                "type": "boolean",
              },
              "selected": {
                "type": "boolean",
              },
            },
            "required": [
              "key",
              "multi",
              "selected",
            ],
            "type": "object",
          },
          "type": "array",
        },
        "base_dn": {
          "description": "LDAP search base DN - supports {{key}} TemplateString syntax.",
          "type": "string",
        },
        "credentials": {
          "description": "Name of existing PasswordCredentials for LDAP bind.",
          "type": "string",
        },
        "description": {
          "description": "Human-readable description.",
          "type": "string",
        },
        "disable_hostname_validation": {
          "default": false,
          "description": "Skip hostname validation on TLS (default false).",
          "type": "boolean",
        },
        "display_name": {
          "description": "Localized display names, e.g. [{lang: 'en', value: 'My DS'}].",
          "items": {
            "properties": {
              "lang": {
                "type": "string",
              },
              "value": {
                "type": "string",
              },
            },
            "required": [
              "lang",
              "value",
            ],
            "type": "object",
          },
          "type": "array",
        },
        "filter": {
          "description": "LDAP search filter - supports {{key}} TemplateString syntax.",
          "type": "string",
        },
        "follow_referrals": {
          "description": "Enable LDAP referral traversal.",
          "type": "boolean",
        },
        "hostname": {
          "description": "LDAP server URL (e.g. "ldaps://ldap.corp.example.com").",
          "type": "string",
        },
        "limit": {
          "description": "Maximum number of LDAP results to return.",
          "maximum": 9007199254740991,
          "minimum": -9007199254740991,
          "type": "integer",
        },
        "name": {
          "description": "Unique datasource name (immutable primary key).",
          "type": "string",
        },
        "port": {
          "description": "LDAP port. Default: 389 (LDAP) or 636 (LDAPS).",
          "maximum": 9007199254740991,
          "minimum": -9007199254740991,
          "type": "integer",
        },
        "proxy": {
          "description": "Name of an existing HTTP proxy object.",
          "type": "string",
        },
        "secure": {
          "description": "Use secure LDAP (LDAPS).",
          "type": "boolean",
        },
        "timeout": {
          "description": "Query timeout in duration format (e.g. "10s", "30 seconds").",
          "type": "string",
        },
      },
      "required": [
        "name",
        "hostname",
        "credentials",
        "base_dn",
        "filter",
        "secure",
        "timeout",
      ],
      "type": "object",
    },
    "name": "create_ldap_datasource",
  },
  {
    "inputSchema": {
      "$schema": "https://json-schema.org/draft/2020-12/schema",
      "properties": {
        "attributes": {
          "description": "Attributes to return. Each: {key, multi, selected}.",
          "items": {
            "properties": {
              "key": {
                "type": "string",
              },
              "multi": {
                "type": "boolean",
              },
              "selected": {
                "type": "boolean",
              },
            },
            "required": [
              "key",
              "multi",
              "selected",
            ],
            "type": "object",
          },
          "type": "array",
        },
        "authentication_type": {
          "description": "Auth scheme: "noauth", "basic", "x509", "bearer", or "custom".",
          "type": "string",
        },
        "credentials": {
          "description": "Name of existing credentials. Required when authentication_type is not "noauth".",
          "type": "string",
        },
        "description": {
          "description": "Human-readable description.",
          "type": "string",
        },
        "display_name": {
          "description": "Localized display names, e.g. [{lang: 'en', value: 'My DS'}].",
          "items": {
            "properties": {
              "lang": {
                "type": "string",
              },
              "value": {
                "type": "string",
              },
            },
            "required": [
              "lang",
              "value",
            ],
            "type": "object",
          },
          "type": "array",
        },
        "expected_http_codes": {
          "description": "HTTP status codes indicating success (e.g. [200, 201]).",
          "items": {
            "maximum": 9007199254740991,
            "minimum": -9007199254740991,
            "type": "integer",
          },
          "type": "array",
        },
        "headers": {
          "description": "Custom HTTP headers as [{name, value}].",
          "items": {
            "properties": {
              "name": {
                "type": "string",
              },
              "value": {
                "type": "string",
              },
            },
            "required": [
              "name",
              "value",
            ],
            "type": "object",
          },
          "type": "array",
        },
        "method": {
          "description": "HTTP method (GET, POST, PUT, DELETE, etc.).",
          "type": "string",
        },
        "name": {
          "description": "Unique datasource name (immutable primary key).",
          "type": "string",
        },
        "payload": {
          "description": "Request body - supports {{key}} TemplateString syntax.",
          "type": "string",
        },
        "payload_type": {
          "description": "Payload format hint (e.g. "json").",
          "type": "string",
        },
        "proxy": {
          "description": "Name of an existing HTTP proxy object.",
          "type": "string",
        },
        "timeout": {
          "description": "Request timeout in duration format (e.g. "10s").",
          "type": "string",
        },
        "url": {
          "description": "Endpoint URL - supports {{key}} TemplateString syntax.",
          "type": "string",
        },
      },
      "required": [
        "name",
        "method",
        "url",
        "authentication_type",
        "timeout",
        "expected_http_codes",
      ],
      "type": "object",
    },
    "name": "create_rest_datasource",
  },
  {
    "inputSchema": {
      "$schema": "https://json-schema.org/draft/2020-12/schema",
      "properties": {
        "event": {
          "description": "Single lifecycle event to subscribe to. Examples: "on_enroll", "on_revoke", "on_renew", "on_expire".",
          "type": "string",
        },
        "licence_usage_percent": {
          "description": "Threshold 1-100 for on_license_usage. MANDATORY for on_license_usage only.",
          "maximum": 9007199254740991,
          "minimum": -9007199254740991,
          "type": "integer",
        },
        "name": {
          "description": "Unique trigger name (immutable primary key).",
          "type": "string",
        },
        "on_trigger_error": {
          "description": "Names of triggers to fire if this notification fails.",
          "items": {
            "type": "string",
          },
          "type": "array",
        },
        "retries": {
          "default": 10,
          "description": "Retry count on failure with exponential backoff (default 10).",
          "maximum": 9007199254740991,
          "minimum": -9007199254740991,
          "type": "integer",
        },
        "run_on_renewed": {
          "description": "Whether to fire even if certificate was renewed. MANDATORY for on_expire only.",
          "type": "boolean",
        },
        "run_period": {
          "description": "Duration for periodic events (e.g. "30 days"). MANDATORY for on_expire, on_pending_*, on_license_expiration, on_credentials_expiration. FORBIDDEN for all other events.",
          "type": "string",
        },
        "sequence": {
          "description": "Ordered list of REST call steps. Each step: {url, method, authenticationType, expectedHttpCodes, timeout, ...}.",
          "items": {
            "additionalProperties": {},
            "propertyNames": {
              "type": "string",
            },
            "type": "object",
          },
          "type": "array",
        },
      },
      "required": [
        "name",
        "event",
        "sequence",
      ],
      "type": "object",
    },
    "name": "create_rest_notification",
  },
  {
    "inputSchema": {
      "$schema": "https://json-schema.org/draft/2020-12/schema",
      "properties": {
        "data": {
          "description": "PEM-encoded CRL string (including BEGIN/END markers) or base64-encoded DER bytes.",
          "maxLength": 2000000,
          "type": "string",
        },
      },
      "required": [
        "data",
      ],
      "type": "object",
    },
    "name": "decode_crl",
  },
  {
    "inputSchema": {
      "$schema": "https://json-schema.org/draft/2020-12/schema",
      "properties": {
        "pem": {
          "description": "PEM-encoded CSR string (including BEGIN/END markers) or base64-encoded DER bytes.",
          "maxLength": 2000000,
          "type": "string",
        },
      },
      "required": [
        "pem",
      ],
      "type": "object",
    },
    "name": "decode_csr",
  },
  {
    "inputSchema": {
      "$schema": "https://json-schema.org/draft/2020-12/schema",
      "properties": {
        "data": {
          "description": "Base64-encoded DER bytes of the OCSP response.",
          "maxLength": 2000000,
          "type": "string",
        },
      },
      "required": [
        "data",
      ],
      "type": "object",
    },
    "name": "decode_ocsp",
  },
  {
    "inputSchema": {
      "$schema": "https://json-schema.org/draft/2020-12/schema",
      "properties": {
        "data": {
          "description": "Base64-encoded DER bytes of the timestamping response.",
          "maxLength": 2000000,
          "type": "string",
        },
      },
      "required": [
        "data",
      ],
      "type": "object",
    },
    "name": "decode_tsa",
  },
  {
    "inputSchema": {
      "$schema": "https://json-schema.org/draft/2020-12/schema",
      "properties": {
        "pem": {
          "description": "PEM-encoded X.509 certificate string (including BEGIN/END markers) or base64-encoded DER bytes.",
          "maxLength": 2000000,
          "type": "string",
        },
      },
      "required": [
        "pem",
      ],
      "type": "object",
    },
    "name": "decode_x509",
  },
  {
    "inputSchema": {
      "$schema": "https://json-schema.org/draft/2020-12/schema",
      "properties": {
        "expected_name": {
          "description": "Must exactly match name as a deletion safeguard.",
          "type": "string",
        },
        "name": {
          "description": "Dashboard name to delete.",
          "type": "string",
        },
      },
      "required": [
        "name",
        "expected_name",
      ],
      "type": "object",
    },
    "name": "delete_dashboard",
  },
  {
    "inputSchema": {
      "$schema": "https://json-schema.org/draft/2020-12/schema",
      "properties": {
        "expected_name": {
          "description": "Must exactly match name as a deletion safeguard.",
          "type": "string",
        },
        "name": {
          "description": "Datasource name to delete.",
          "type": "string",
        },
      },
      "required": [
        "name",
        "expected_name",
      ],
      "type": "object",
    },
    "name": "delete_datasource",
  },
  {
    "inputSchema": {
      "$schema": "https://json-schema.org/draft/2020-12/schema",
      "properties": {
        "expected_name": {
          "description": "Must exactly match name as a deletion safeguard.",
          "type": "string",
        },
        "name": {
          "description": "Campaign name to delete.",
          "type": "string",
        },
      },
      "required": [
        "name",
        "expected_name",
      ],
      "type": "object",
    },
    "name": "delete_discovery_campaign",
  },
  {
    "inputSchema": {
      "$schema": "https://json-schema.org/draft/2020-12/schema",
      "properties": {
        "expected_uuid": {
          "description": "Must exactly match report_uuid as a deletion safeguard.",
          "type": "string",
        },
        "report_uuid": {
          "description": "UUID of the report to delete.",
          "type": "string",
        },
      },
      "required": [
        "report_uuid",
        "expected_uuid",
      ],
      "type": "object",
    },
    "name": "delete_report",
  },
  {
    "inputSchema": {
      "$schema": "https://json-schema.org/draft/2020-12/schema",
      "properties": {
        "expected_name": {
          "description": "Must exactly match name as a deletion safeguard.",
          "type": "string",
        },
        "name": {
          "description": "Saved query name to delete.",
          "type": "string",
        },
      },
      "required": [
        "name",
        "expected_name",
      ],
      "type": "object",
    },
    "name": "delete_saved_query",
  },
  {
    "inputSchema": {
      "$schema": "https://json-schema.org/draft/2020-12/schema",
      "properties": {
        "expected_name": {
          "description": "Must exactly match name as a deletion safeguard.",
          "type": "string",
        },
        "name": {
          "description": "Trigger name to delete.",
          "type": "string",
        },
      },
      "required": [
        "name",
        "expected_name",
      ],
      "type": "object",
    },
    "name": "delete_trigger",
  },
  {
    "inputSchema": {
      "$schema": "https://json-schema.org/draft/2020-12/schema",
      "properties": {
        "request_id": {
          "description": "The request ID to deny.",
          "type": "string",
        },
      },
      "required": [
        "request_id",
      ],
      "type": "object",
    },
    "name": "deny_request",
  },
  {
    "inputSchema": {
      "$schema": "https://json-schema.org/draft/2020-12/schema",
      "properties": {
        "query_type": {
          "description": "Query language type - one of: hcql, hrql, heql, hdql.",
          "type": "string",
        },
      },
      "required": [
        "query_type",
      ],
      "type": "object",
    },
    "name": "describe_query_fields",
  },
  {
    "inputSchema": {
      "$schema": "https://json-schema.org/draft/2020-12/schema",
      "properties": {
        "data": {
          "description": "The cryptographic data to detect and parse. Can be PEM-encoded, base64-encoded DER, or PKCS#7 content.",
          "maxLength": 2000000,
          "type": "string",
        },
      },
      "required": [
        "data",
      ],
      "type": "object",
    },
    "name": "detect_file",
  },
  {
    "inputSchema": {
      "$schema": "https://json-schema.org/draft/2020-12/schema",
      "properties": {
        "certificate_id": {
          "description": "Certificate ID.",
          "type": "string",
        },
        "format": {
          "default": "pem",
          "description": "Output format (only 'pem' is supported via the API).",
          "enum": [
            "pem",
          ],
          "type": "string",
        },
      },
      "required": [
        "certificate_id",
      ],
      "type": "object",
    },
    "name": "download_certificate",
  },
  {
    "inputSchema": {
      "$schema": "https://json-schema.org/draft/2020-12/schema",
      "properties": {
        "report_uuid": {
          "description": "UUID of the report to download.",
          "type": "string",
        },
      },
      "required": [
        "report_uuid",
      ],
      "type": "object",
    },
    "name": "download_report",
  },
  {
    "inputSchema": {
      "$schema": "https://json-schema.org/draft/2020-12/schema",
      "properties": {
        "campaign_name": {
          "description": "Name of the discovery campaign.",
          "type": "string",
        },
        "session_id": {
          "description": "Session ID obtained from start_discovery_feed_session.",
          "type": "string",
        },
      },
      "required": [
        "campaign_name",
        "session_id",
      ],
      "type": "object",
    },
    "name": "end_discovery_feed_session",
  },
  {
    "inputSchema": {
      "$schema": "https://json-schema.org/draft/2020-12/schema",
      "properties": {
        "certificate_pem": {
          "description": "Optional PEM-encoded certificate to evaluate against the policy.",
          "type": "string",
        },
        "policy_name": {
          "description": "Name of the grading policy to inspect.",
          "type": "string",
        },
      },
      "required": [
        "policy_name",
      ],
      "type": "object",
    },
    "name": "explain_grading_policy",
  },
  {
    "inputSchema": {
      "$schema": "https://json-schema.org/draft/2020-12/schema",
      "properties": {
        "certificate_pem": {
          "description": "Optional PEM-encoded certificate to evaluate against the ruleset.",
          "type": "string",
        },
        "ruleset_name": {
          "description": "Name of the grading ruleset to inspect.",
          "type": "string",
        },
      },
      "required": [
        "ruleset_name",
      ],
      "type": "object",
    },
    "name": "explain_grading_ruleset",
  },
  {
    "inputSchema": {
      "$schema": "https://json-schema.org/draft/2020-12/schema",
      "properties": {
        "fields": {
          "description": "CSV columns to include, as camelCase API column names (SearchResult columns) - NOT the lowercase HCQL query fields. Examples: dn, serial, contactEmail, autoRenew, module, profile, notAfter. Prefix families: label.<key>, metadata.<key>, grade.<policy>, team.displayname.<lang>. Invalid names return a Horizon 500 that lists the usable columns.",
          "items": {
            "type": "string",
          },
          "type": "array",
        },
        "query": {
          "description": "HCQL query expression.",
          "type": "string",
        },
        "sorted_by": {
          "description": "Sort field, e.g. 'notAfter' or 'notAfter:Desc'.",
          "type": "string",
        },
      },
      "required": [
        "query",
      ],
      "type": "object",
    },
    "name": "export_certificates_csv",
  },
  {
    "inputSchema": {
      "$schema": "https://json-schema.org/draft/2020-12/schema",
      "properties": {
        "enable_analytics": {
          "default": true,
          "description": "Enable analytics on the export (default true).",
          "type": "boolean",
        },
        "fields": {
          "description": "Specific fields to include in the CSV columns.",
          "items": {
            "type": "string",
          },
          "type": "array",
        },
        "query": {
          "description": "HDQL query string.",
          "type": "string",
        },
        "sorted_by": {
          "description": "Sort specification, e.g. 'timestamp:Desc'.",
          "type": "string",
        },
      },
      "required": [
        "query",
      ],
      "type": "object",
    },
    "name": "export_discovery_events_csv",
  },
  {
    "inputSchema": {
      "$schema": "https://json-schema.org/draft/2020-12/schema",
      "properties": {
        "fields": {
          "description": "CSV columns to include, as camelCase API column names (SearchResult columns) - NOT the lowercase HEQL query fields. Examples: code, module, timestamp, status, plus detail.<key> for detail columns (detail.actorId, detail.ip). Invalid names return a Horizon 500 that lists the usable columns.",
          "items": {
            "type": "string",
          },
          "type": "array",
        },
        "query": {
          "description": "HEQL query expression.",
          "type": "string",
        },
        "sorted_by": {
          "description": "Sort field, e.g. 'timestamp:Desc'.",
          "type": "string",
        },
      },
      "required": [
        "query",
      ],
      "type": "object",
    },
    "name": "export_events_csv",
  },
  {
    "inputSchema": {
      "$schema": "https://json-schema.org/draft/2020-12/schema",
      "properties": {
        "fields": {
          "description": "CSV columns to include, as camelCase API column names (SearchResult columns) - NOT the lowercase HRQL query fields. Examples: profile, requestType, status, contactEmail, registrationDate. Prefix families: label.<key>, metadata.<key>. Invalid names return a Horizon 500 that lists the usable columns.",
          "items": {
            "type": "string",
          },
          "type": "array",
        },
        "query": {
          "description": "HRQL query expression.",
          "type": "string",
        },
        "sorted_by": {
          "description": "Sort field, e.g. 'registrationDate:Desc'.",
          "type": "string",
        },
      },
      "required": [
        "query",
      ],
      "type": "object",
    },
    "name": "export_requests_csv",
  },
  {
    "inputSchema": {
      "$schema": "https://json-schema.org/draft/2020-12/schema",
      "properties": {
        "campaign_name": {
          "description": "Name of the discovery campaign (must match the session).",
          "type": "string",
        },
        "certificate": {
          "description": "PEM-encoded certificate string.",
          "type": "string",
        },
        "hostnames": {
          "description": "DNS hostnames of the host (e.g. ["web01.example.com"]).",
          "items": {
            "type": "string",
          },
          "type": "array",
        },
        "ip": {
          "description": "IP address of the host where the certificate was discovered.",
          "type": "string",
        },
        "operating_systems": {
          "description": "OS detected on the host (localscan only).",
          "items": {
            "type": "string",
          },
          "type": "array",
        },
        "paths": {
          "description": "File paths where cert was found (localscan only).",
          "items": {
            "type": "string",
          },
          "type": "array",
        },
        "session_id": {
          "description": "Session ID obtained from start_discovery_feed_session.",
          "type": "string",
        },
        "sources": {
          "description": "Discovery source identifiers (e.g. ["netscan"]).",
          "items": {
            "type": "string",
          },
          "type": "array",
        },
        "tls_ports": {
          "description": "TLS ports serving the cert (e.g. [{"port": 443, "version": "TLSv1.3"}]).",
          "items": {
            "additionalProperties": {},
            "properties": {
              "port": {
                "maximum": 9007199254740991,
                "minimum": -9007199254740991,
                "type": "integer",
              },
              "version": {
                "type": "string",
              },
            },
            "required": [
              "port",
            ],
            "type": "object",
          },
          "type": "array",
        },
        "usages": {
          "description": "Service bindings (localscan only).",
          "items": {
            "type": "string",
          },
          "type": "array",
        },
      },
      "required": [
        "session_id",
        "campaign_name",
        "certificate",
        "ip",
      ],
      "type": "object",
    },
    "name": "feed_discovery_certificate",
  },
  {
    "inputSchema": {
      "$schema": "https://json-schema.org/draft/2020-12/schema",
      "properties": {
        "timeout": {
          "default": 10,
          "description": "Connection timeout in seconds (default 10).",
          "exclusiveMinimum": 0,
          "maximum": 9007199254740991,
          "type": "integer",
        },
        "uri": {
          "description": "Target endpoint. Examples: https://www.example.com, ldaps://dc01.corp.local:636, 192.168.1.1:8443, mail.example.com:993",
          "type": "string",
        },
      },
      "required": [
        "uri",
      ],
      "type": "object",
    },
    "name": "fetch_exposed_certificate",
  },
  {
    "inputSchema": {
      "$schema": "https://json-schema.org/draft/2020-12/schema",
      "properties": {
        "expected_name": {
          "description": "Must exactly match name as a flush safeguard.",
          "type": "string",
        },
        "name": {
          "description": "Campaign name to flush.",
          "type": "string",
        },
      },
      "required": [
        "name",
        "expected_name",
      ],
      "type": "object",
    },
    "name": "flush_discovery_campaign",
  },
  {
    "inputSchema": {
      "$schema": "https://json-schema.org/draft/2020-12/schema",
      "properties": {
        "certificate_id": {
          "description": "Certificate ID.",
          "type": "string",
        },
      },
      "required": [
        "certificate_id",
      ],
      "type": "object",
    },
    "name": "get_certificate",
  },
  {
    "inputSchema": {
      "$schema": "https://json-schema.org/draft/2020-12/schema",
      "properties": {
        "name": {
          "description": "Exact dashboard name.",
          "type": "string",
        },
      },
      "required": [
        "name",
      ],
      "type": "object",
    },
    "name": "get_dashboard",
  },
  {
    "inputSchema": {
      "$schema": "https://json-schema.org/draft/2020-12/schema",
      "properties": {
        "name": {
          "description": "Exact datasource name.",
          "type": "string",
        },
      },
      "required": [
        "name",
      ],
      "type": "object",
    },
    "name": "get_datasource",
  },
  {
    "inputSchema": {
      "$schema": "https://json-schema.org/draft/2020-12/schema",
      "properties": {
        "name": {
          "description": "Exact campaign name.",
          "type": "string",
        },
      },
      "required": [
        "name",
      ],
      "type": "object",
    },
    "name": "get_discovery_campaign",
  },
  {
    "inputSchema": {
      "$schema": "https://json-schema.org/draft/2020-12/schema",
      "properties": {
        "event_id": {
          "description": "The discovery event ID.",
          "type": "string",
        },
      },
      "required": [
        "event_id",
      ],
      "type": "object",
    },
    "name": "get_discovery_event",
  },
  {
    "inputSchema": {
      "$schema": "https://json-schema.org/draft/2020-12/schema",
      "properties": {
        "max_chars": {
          "default": 20000,
          "description": "Maximum number of content characters to return in this window (1-50000, default 20000).",
          "exclusiveMinimum": 0,
          "maximum": 50000,
          "type": "integer",
        },
        "offset": {
          "default": 0,
          "description": "Character offset into the page content to start from. Use next_offset from a prior truncated response to continue.",
          "maximum": 9007199254740991,
          "minimum": 0,
          "type": "integer",
        },
        "page_id": {
          "description": "Exact page_id returned by search_docs or search_api_docs.",
          "type": "string",
        },
      },
      "required": [
        "page_id",
      ],
      "type": "object",
    },
    "name": "get_doc_page",
  },
  {
    "inputSchema": {
      "$schema": "https://json-schema.org/draft/2020-12/schema",
      "properties": {
        "event_id": {
          "description": "Event ID.",
          "type": "string",
        },
      },
      "required": [
        "event_id",
      ],
      "type": "object",
    },
    "name": "get_event",
  },
  {
    "inputSchema": {
      "properties": {},
      "type": "object",
    },
    "name": "get_license_info",
  },
  {
    "inputSchema": {
      "$schema": "https://json-schema.org/draft/2020-12/schema",
      "properties": {
        "name": {
          "description": "Exact profile name.",
          "type": "string",
        },
      },
      "required": [
        "name",
      ],
      "type": "object",
    },
    "name": "get_profile",
  },
  {
    "inputSchema": {
      "$schema": "https://json-schema.org/draft/2020-12/schema",
      "properties": {
        "request_id": {
          "description": "Request ID.",
          "type": "string",
        },
      },
      "required": [
        "request_id",
      ],
      "type": "object",
    },
    "name": "get_request",
  },
  {
    "inputSchema": {
      "$schema": "https://json-schema.org/draft/2020-12/schema",
      "properties": {
        "certificate_id": {
          "description": "For renew/revoke/update/recover/migrate - the existing certificate ID.",
          "type": "string",
        },
        "module": {
          "description": "Profile module (webra, est, scep, acme, etc.).",
          "type": "string",
        },
        "profile": {
          "description": "Profile name. Required for enroll to get profile-specific template.",
          "type": "string",
        },
        "workflow": {
          "description": "Workflow type: enroll, renew, revoke, update, recover, migrate, import.",
          "type": "string",
        },
      },
      "required": [
        "workflow",
      ],
      "type": "object",
    },
    "name": "get_request_template",
  },
  {
    "inputSchema": {
      "$schema": "https://json-schema.org/draft/2020-12/schema",
      "properties": {
        "name": {
          "description": "Exact saved query name.",
          "type": "string",
        },
      },
      "required": [
        "name",
      ],
      "type": "object",
    },
    "name": "get_saved_query",
  },
  {
    "inputSchema": {
      "$schema": "https://json-schema.org/draft/2020-12/schema",
      "properties": {
        "name": {
          "description": "Exact trigger name.",
          "type": "string",
        },
      },
      "required": [
        "name",
      ],
      "type": "object",
    },
    "name": "get_trigger",
  },
  {
    "inputSchema": {
      "$schema": "https://json-schema.org/draft/2020-12/schema",
      "properties": {
        "credential_type": {
          "description": "Filter by type: "password" (login/password), "raw" (API token), or "x509" (client certificate).",
          "type": "string",
        },
        "max_items": {
          "default": 50,
          "description": "Maximum items to return (default 50).",
          "exclusiveMinimum": 0,
          "maximum": 100,
          "type": "integer",
        },
        "name_contains": {
          "description": "Case-insensitive substring filter on credential name.",
          "type": "string",
        },
      },
      "type": "object",
    },
    "name": "list_credentials",
  },
  {
    "inputSchema": {
      "$schema": "https://json-schema.org/draft/2020-12/schema",
      "properties": {
        "dashboard_type": {
          "description": "Filter by type - "certificate" or "request".",
          "enum": [
            "certificate",
            "request",
          ],
          "type": "string",
        },
        "max_items": {
          "default": 50,
          "description": "Maximum items to return (default 50).",
          "exclusiveMinimum": 0,
          "maximum": 100,
          "type": "integer",
        },
        "name_contains": {
          "description": "Case-insensitive substring filter on dashboard name.",
          "type": "string",
        },
      },
      "type": "object",
    },
    "name": "list_dashboards",
  },
  {
    "inputSchema": {
      "$schema": "https://json-schema.org/draft/2020-12/schema",
      "properties": {
        "ds_type": {
          "description": "Filter by datasource type: "dns", "ldap", or "rest".",
          "type": "string",
        },
        "max_items": {
          "default": 50,
          "description": "Maximum items to return (default 50).",
          "exclusiveMinimum": 0,
          "maximum": 100,
          "type": "integer",
        },
        "name_contains": {
          "description": "Case-insensitive substring filter on datasource name.",
          "type": "string",
        },
      },
      "type": "object",
    },
    "name": "list_datasources",
  },
  {
    "inputSchema": {
      "$schema": "https://json-schema.org/draft/2020-12/schema",
      "properties": {
        "max_items": {
          "default": 50,
          "description": "Maximum items to return (default 50).",
          "exclusiveMinimum": 0,
          "maximum": 100,
          "type": "integer",
        },
        "name_contains": {
          "description": "Case-insensitive substring filter on campaign name.",
          "type": "string",
        },
      },
      "type": "object",
    },
    "name": "list_discovery_campaigns",
  },
  {
    "inputSchema": {
      "$schema": "https://json-schema.org/draft/2020-12/schema",
      "properties": {
        "max_items": {
          "default": 50,
          "description": "Maximum number of profiles to return (default 50).",
          "exclusiveMinimum": 0,
          "maximum": 100,
          "type": "integer",
        },
        "module": {
          "description": "Filter by module type (webra, acme, scep, est, monitored).",
          "type": "string",
        },
        "name_contains": {
          "description": "Case-insensitive substring filter on profile name.",
          "type": "string",
        },
      },
      "type": "object",
    },
    "name": "list_profiles",
  },
  {
    "inputSchema": {
      "$schema": "https://json-schema.org/draft/2020-12/schema",
      "properties": {
        "expired": {
          "default": false,
          "description": "Include expired reports (default false).",
          "type": "boolean",
        },
        "max_items": {
          "default": 50,
          "description": "Maximum items to return (default 50).",
          "exclusiveMinimum": 0,
          "maximum": 100,
          "type": "integer",
        },
        "report_name": {
          "description": "Exact report name to filter on (server-side).",
          "type": "string",
        },
      },
      "type": "object",
    },
    "name": "list_reports",
  },
  {
    "inputSchema": {
      "$schema": "https://json-schema.org/draft/2020-12/schema",
      "properties": {
        "max_items": {
          "default": 50,
          "description": "Maximum items to return (default 50).",
          "exclusiveMinimum": 0,
          "maximum": 100,
          "type": "integer",
        },
        "name_contains": {
          "description": "Case-insensitive substring filter on query name.",
          "type": "string",
        },
        "query_type": {
          "description": "Filter by HQL language - "hcql", "hrql", "heql", "hdql", or "hpql".",
          "enum": [
            "hcql",
            "hrql",
            "heql",
            "hdql",
            "hpql",
          ],
          "type": "string",
        },
      },
      "type": "object",
    },
    "name": "list_saved_queries",
  },
  {
    "inputSchema": {
      "$schema": "https://json-schema.org/draft/2020-12/schema",
      "properties": {
        "max_items": {
          "default": 50,
          "description": "Maximum items to return (default 50).",
          "exclusiveMinimum": 0,
          "maximum": 100,
          "type": "integer",
        },
        "name_contains": {
          "description": "Case-insensitive substring filter on trigger name.",
          "type": "string",
        },
        "trigger_type": {
          "description": "Filter by type: "rest", "email", "webhook", "akv", "aws", etc.",
          "type": "string",
        },
      },
      "type": "object",
    },
    "name": "list_triggers",
  },
  {
    "inputSchema": {
      "$schema": "https://json-schema.org/draft/2020-12/schema",
      "properties": {
        "max_chars": {
          "default": 20000,
          "description": "Maximum number of content characters to return in this window (1-50000, default 20000).",
          "exclusiveMinimum": 0,
          "maximum": 50000,
          "type": "integer",
        },
        "offset": {
          "default": 0,
          "description": "Character offset into the content to start from. Use next_offset from a prior truncated response to continue.",
          "maximum": 9007199254740991,
          "minimum": 0,
          "type": "integer",
        },
        "section": {
          "description": "Optional section slug within the topic (only some topics are split into sections).",
          "type": "string",
        },
        "topic": {
          "description": "Knowledge topic slug, e.g. server-rules, query-languages, tool-selection. This is the segment after horizon://knowledge/.",
          "type": "string",
        },
      },
      "required": [
        "topic",
      ],
      "type": "object",
    },
    "name": "read_knowledge",
  },
  {
    "inputSchema": {
      "$schema": "https://json-schema.org/draft/2020-12/schema",
      "properties": {
        "data": {
          "additionalProperties": {},
          "description": "Event data object - contents depend on the event type.",
          "propertyNames": {
            "type": "string",
          },
          "type": "object",
        },
        "session_id": {
          "description": "Session ID obtained from start_discovery_feed_session.",
          "type": "string",
        },
      },
      "required": [
        "session_id",
        "data",
      ],
      "type": "object",
    },
    "name": "register_discovery_event",
  },
  {
    "inputSchema": {
      "$schema": "https://json-schema.org/draft/2020-12/schema",
      "properties": {
        "chart_id": {
          "description": "Unique chart identifier (the "i" field) to remove.",
          "type": "string",
        },
        "dashboard_name": {
          "description": "Name of the dashboard containing the chart.",
          "type": "string",
        },
      },
      "required": [
        "dashboard_name",
        "chart_id",
      ],
      "type": "object",
    },
    "name": "remove_dashboard_chart",
  },
  {
    "inputSchema": {
      "$schema": "https://json-schema.org/draft/2020-12/schema",
      "properties": {
        "max_results": {
          "default": 5,
          "description": "Maximum number of results to return (1-10).",
          "maximum": 10,
          "minimum": 1,
          "type": "integer",
        },
        "query": {
          "description": "What Horizon API reference page you need.",
          "type": "string",
        },
        "version": {
          "description": "Optional explicit Horizon API docs version. Only set this when the user explicitly asks for one.",
          "type": "string",
        },
      },
      "required": [
        "query",
      ],
      "type": "object",
    },
    "name": "search_api_docs",
  },
  {
    "inputSchema": {
      "$schema": "https://json-schema.org/draft/2020-12/schema",
      "properties": {
        "fields": {
          "description": "Custom field list (overrides preset).",
          "items": {
            "type": "string",
          },
          "type": "array",
        },
        "page_index": {
          "default": 0,
          "description": "Page index (0-based). Use next_page_index from the previous response to paginate.",
          "maximum": 9007199254740991,
          "minimum": 0,
          "type": "integer",
        },
        "page_size": {
          "default": 25,
          "description": "Results per page (max 100).",
          "maximum": 100,
          "minimum": 1,
          "type": "integer",
        },
        "preset": {
          "default": "compact",
          "description": "Preset field set (overridden by fields if provided).",
          "enum": [
            "compact",
            "diagnostic",
            "compliance",
          ],
          "type": "string",
        },
        "query": {
          "description": "HCQL query expression.",
          "type": "string",
        },
        "sorted_by": {
          "description": "Sort field, e.g. 'notAfter' or 'notAfter:Desc'. Strongly recommended when paginating.",
          "type": "string",
        },
        "with_count": {
          "default": true,
          "description": "Include total matching count in response so has_more/next_page_index are reliable. Default true.",
          "type": "boolean",
        },
      },
      "required": [
        "query",
      ],
      "type": "object",
    },
    "name": "search_certificates",
  },
  {
    "inputSchema": {
      "$schema": "https://json-schema.org/draft/2020-12/schema",
      "properties": {
        "enable_analytics": {
          "default": true,
          "description": "Enable analytics on the search (default true).",
          "type": "boolean",
        },
        "page_index": {
          "default": 0,
          "description": "Page index (0-based). Use next_page_index from the previous response to paginate.",
          "maximum": 9007199254740991,
          "minimum": 0,
          "type": "integer",
        },
        "page_size": {
          "default": 25,
          "description": "Results per page, max 100 (default 25).",
          "maximum": 100,
          "minimum": 1,
          "type": "integer",
        },
        "query": {
          "description": "HDQL query string.",
          "type": "string",
        },
        "sorted_by": {
          "description": "Sort specification, e.g. 'timestamp:Desc'. Strongly recommended when paginating.",
          "type": "string",
        },
        "with_count": {
          "default": true,
          "description": "Include total matching count in response so has_more/next_page_index are reliable. Default true.",
          "type": "boolean",
        },
      },
      "required": [
        "query",
      ],
      "type": "object",
    },
    "name": "search_discovery_events",
  },
  {
    "inputSchema": {
      "$schema": "https://json-schema.org/draft/2020-12/schema",
      "properties": {
        "max_results": {
          "default": 5,
          "description": "Maximum number of results to return (1-10).",
          "maximum": 10,
          "minimum": 1,
          "type": "integer",
        },
        "product": {
          "description": "Optional product filter. Supported values: horizon, adcs-connector, horizon-cli, horizon-issuer, winhorizon, horizon-ansible, terraform-provider-horizon.",
          "type": "string",
        },
        "query": {
          "description": "What documentation you need to find.",
          "type": "string",
        },
        "version": {
          "description": "Optional explicit docs version. Only set this when the user explicitly requests a specific version.",
          "type": "string",
        },
      },
      "required": [
        "query",
      ],
      "type": "object",
    },
    "name": "search_docs",
  },
  {
    "inputSchema": {
      "$schema": "https://json-schema.org/draft/2020-12/schema",
      "properties": {
        "page_index": {
          "default": 0,
          "description": "Page index (0-based). Use next_page_index from the previous response to paginate.",
          "maximum": 9007199254740991,
          "minimum": 0,
          "type": "integer",
        },
        "page_size": {
          "default": 25,
          "description": "Results per page (max 100).",
          "maximum": 100,
          "minimum": 1,
          "type": "integer",
        },
        "query": {
          "description": "HEQL query expression.",
          "type": "string",
        },
        "sorted_by": {
          "description": "Sort field, e.g. 'timestamp:Desc'. Strongly recommended when paginating.",
          "type": "string",
        },
        "with_count": {
          "default": true,
          "description": "Include total matching count in response so has_more/next_page_index are reliable. Default true.",
          "type": "boolean",
        },
      },
      "required": [
        "query",
      ],
      "type": "object",
    },
    "name": "search_events",
  },
  {
    "inputSchema": {
      "$schema": "https://json-schema.org/draft/2020-12/schema",
      "properties": {
        "fields": {
          "description": "Custom field list (overrides preset).",
          "items": {
            "type": "string",
          },
          "type": "array",
        },
        "page_index": {
          "default": 0,
          "description": "Page index (0-based). Use next_page_index from the previous response to paginate.",
          "maximum": 9007199254740991,
          "minimum": 0,
          "type": "integer",
        },
        "page_size": {
          "default": 25,
          "description": "Results per page (max 100).",
          "maximum": 100,
          "minimum": 1,
          "type": "integer",
        },
        "preset": {
          "default": "compact",
          "description": "Preset field set (overridden by fields if provided).",
          "enum": [
            "compact",
            "diagnostic",
            "compliance",
          ],
          "type": "string",
        },
        "query": {
          "description": "HRQL query expression.",
          "type": "string",
        },
        "sorted_by": {
          "description": "Sort field, e.g. 'registrationDate:Desc'. Strongly recommended when paginating.",
          "type": "string",
        },
        "with_count": {
          "default": true,
          "description": "Include total matching count in response so has_more/next_page_index are reliable. Default true.",
          "type": "boolean",
        },
      },
      "required": [
        "query",
      ],
      "type": "object",
    },
    "name": "search_requests",
  },
  {
    "inputSchema": {
      "$schema": "https://json-schema.org/draft/2020-12/schema",
      "properties": {
        "dictionary": {
          "additionalProperties": {
            "type": "string",
          },
          "description": "Key-value pairs available as variables during evaluation.",
          "propertyNames": {
            "type": "string",
          },
          "type": "object",
        },
        "mode": {
          "default": "computation_rule",
          "description": "Expression type - "computation_rule" or "template_string".",
          "enum": [
            "computation_rule",
            "template_string",
          ],
          "type": "string",
        },
        "rule": {
          "description": "The expression to evaluate. For computation rules, use function calls with {{key}} for dictionary lookups.",
          "type": "string",
        },
      },
      "required": [
        "rule",
        "dictionary",
      ],
      "type": "object",
    },
    "name": "simulate_computation_rule",
  },
  {
    "inputSchema": {
      "$schema": "https://json-schema.org/draft/2020-12/schema",
      "properties": {
        "context": {
          "additionalProperties": {},
          "description": "Optional initial context dictionary.",
          "propertyNames": {
            "type": "string",
          },
          "type": "object",
        },
        "flow": {
          "description": "Ordered list of flow entries.",
          "items": {
            "properties": {
              "datasource": {
                "type": "string",
              },
              "inputs": {
                "additionalProperties": {
                  "type": "string",
                },
                "default": {},
                "propertyNames": {
                  "type": "string",
                },
                "type": "object",
              },
              "stopOnSuccess": {
                "default": false,
                "type": "boolean",
              },
            },
            "required": [
              "datasource",
            ],
            "type": "object",
          },
          "type": "array",
        },
      },
      "required": [
        "flow",
      ],
      "type": "object",
    },
    "name": "simulate_datasource_flow",
  },
  {
    "inputSchema": {
      "$schema": "https://json-schema.org/draft/2020-12/schema",
      "properties": {
        "name": {
          "description": "Name of the existing trigger to simulate.",
          "type": "string",
        },
      },
      "required": [
        "name",
      ],
      "type": "object",
    },
    "name": "simulate_trigger",
  },
  {
    "inputSchema": {
      "$schema": "https://json-schema.org/draft/2020-12/schema",
      "properties": {
        "campaign_name": {
          "description": "Name of the discovery campaign to feed into.",
          "type": "string",
        },
      },
      "required": [
        "campaign_name",
      ],
      "type": "object",
    },
    "name": "start_discovery_feed_session",
  },
  {
    "inputSchema": {
      "$schema": "https://json-schema.org/draft/2020-12/schema",
      "properties": {
        "certificate_id": {
          "description": "Certificate ID (required for renew, revoke, update, recover, migrate). Use search_certificates to find it.",
          "type": "string",
        },
        "data": {
          "additionalProperties": {},
          "description": "Additional workflow-specific fields merged into the payload.
For revoke: {"revocationReason": "keycompromise"}.
For EST/SCEP with DN whitelist: {"dn": "CN=my-device"}.
For dry run validation: {"dryRun": true}.
For requester comment: {"requesterComment": "reason for request"}.",
          "propertyNames": {
            "type": "string",
          },
          "type": "object",
        },
        "module": {
          "description": "Profile module type (webra, est, scep, acme, crmp, etc.).",
          "type": "string",
        },
        "password": {
          "description": "PKCS#12 password for centralized key generation. When
provided, Horizon generates the key pair server-side and returns
the PKCS#12 in the response (base64). Also retrievable via
get_request. May be auto-generated by profile password policy -
check get_request_template.",
          "type": "string",
        },
        "profile": {
          "description": "Certificate profile name.",
          "type": "string",
        },
        "template": {
          "additionalProperties": {},
          "description": "Certificate request template object. Structure:
- subject: list of DN elements, each as
  {"element": "cn.1", "type": "CN", "value": "server.example.com"}
- sans: list of SAN entries - values MUST be arrays:
  {"type": "DNSNAME", "value": ["server.example.com", "alias.example.com"]}
  Valid types: DNSNAME, RFC822NAME, URI, IPADDRESS, OTHERNAME,
  DIRECTORYNAME, REGISTEREDID
- labels: [{"label": "environment", "value": "production"}]
- contactEmail: {"value": "admin@example.com"}
- owner: {"value": "admin-principal"}
- team: {"value": "infra-team"}
- keyType: "rsa-2048", "rsa-3072", "ec-p256", etc.
- csr: PEM-encoded CSR (for decentralized key generation)
- extensions: optional certificate extensions",
          "propertyNames": {
            "type": "string",
          },
          "type": "object",
        },
        "workflow": {
          "description": "Workflow type: enroll, renew, revoke, update, recover, migrate, import.",
          "type": "string",
        },
      },
      "required": [
        "workflow",
        "profile",
        "module",
      ],
      "type": "object",
    },
    "name": "submit_request",
  },
  {
    "inputSchema": {
      "$schema": "https://json-schema.org/draft/2020-12/schema",
      "properties": {
        "attributes": {
          "description": "Attributes to return. Each: {key, multi, selected}.",
          "items": {
            "properties": {
              "key": {
                "type": "string",
              },
              "multi": {
                "type": "boolean",
              },
              "selected": {
                "type": "boolean",
              },
            },
            "required": [
              "key",
              "multi",
              "selected",
            ],
            "type": "object",
          },
          "type": "array",
        },
        "authentication_type": {
          "description": "(REST) Auth type.",
          "type": "string",
        },
        "base_dn": {
          "description": "(LDAP) Base DN TemplateString.",
          "type": "string",
        },
        "context": {
          "additionalProperties": {
            "type": "string",
          },
          "description": "Key-value pairs to resolve TemplateString variables. Example: {"hostname": "web01.corp.local"}.",
          "propertyNames": {
            "type": "string",
          },
          "type": "object",
        },
        "credentials": {
          "description": "(LDAP/REST) Credentials name.",
          "type": "string",
        },
        "ds_type": {
          "description": "Datasource type: "dns", "ldap", or "rest".",
          "type": "string",
        },
        "expected_http_codes": {
          "description": "(REST) Success HTTP codes.",
          "items": {
            "maximum": 9007199254740991,
            "minimum": -9007199254740991,
            "type": "integer",
          },
          "type": "array",
        },
        "filter": {
          "description": "(LDAP) Search filter TemplateString.",
          "type": "string",
        },
        "headers": {
          "description": "(REST) HTTP headers.",
          "items": {
            "properties": {
              "name": {
                "type": "string",
              },
              "value": {
                "type": "string",
              },
            },
            "required": [
              "name",
              "value",
            ],
            "type": "object",
          },
          "type": "array",
        },
        "host": {
          "description": "(DNS) DNS server IP.",
          "type": "string",
        },
        "hostname": {
          "description": "(LDAP) LDAP server URL.",
          "type": "string",
        },
        "limit": {
          "description": "(LDAP) Max results.",
          "maximum": 9007199254740991,
          "minimum": -9007199254740991,
          "type": "integer",
        },
        "lookup": {
          "description": "(DNS) Hostname to look up.",
          "type": "string",
        },
        "method": {
          "description": "(REST) HTTP method.",
          "type": "string",
        },
        "name": {
          "description": "Datasource name (for identification).",
          "type": "string",
        },
        "payload": {
          "description": "(REST) Request body TemplateString.",
          "type": "string",
        },
        "payload_type": {
          "description": "(REST) Payload format.",
          "type": "string",
        },
        "port": {
          "description": "(DNS/LDAP) Port number.",
          "maximum": 9007199254740991,
          "minimum": -9007199254740991,
          "type": "integer",
        },
        "record_types": {
          "description": "(DNS) Record types to query.",
          "items": {
            "type": "string",
          },
          "type": "array",
        },
        "secure": {
          "description": "(LDAP) Use LDAPS.",
          "type": "boolean",
        },
        "timeout": {
          "description": "Timeout in duration format.",
          "type": "string",
        },
        "url": {
          "description": "(REST) Endpoint URL TemplateString.",
          "type": "string",
        },
      },
      "required": [
        "ds_type",
        "name",
      ],
      "type": "object",
    },
    "name": "test_datasource",
  },
  {
    "inputSchema": {
      "$schema": "https://json-schema.org/draft/2020-12/schema",
      "properties": {
        "natural_language": {
          "description": "Plain-English description of what to search for.
Examples:
- "expired RSA certificates from team-alpha"
- "pending enrollment requests for the ACME profile"
- "audit events in the last 24 hours"
- "discovery scans on port 443"",
          "type": "string",
        },
        "target_type": {
          "description": "Force a specific query type (hcql, hrql, heql, hdql). If omitted the type is auto-detected from the input.",
          "type": "string",
        },
        "validate": {
          "default": true,
          "description": "Whether to validate the query against Horizon (default true). Set to false for offline usage.",
          "type": "boolean",
        },
      },
      "required": [
        "natural_language",
      ],
      "type": "object",
    },
    "name": "translate_to_hql",
  },
  {
    "inputSchema": {
      "$schema": "https://json-schema.org/draft/2020-12/schema",
      "properties": {
        "charts": {
          "description": "New charts list (replaces existing).",
          "items": {
            "additionalProperties": {},
            "propertyNames": {
              "type": "string",
            },
            "type": "object",
          },
          "type": "array",
        },
        "clear_fields": {
          "description": "Top-level field names to explicitly set to null.",
          "items": {
            "type": "string",
          },
          "type": "array",
        },
        "description": {
          "description": "New description.",
          "type": "string",
        },
        "name": {
          "description": "Dashboard name to update.",
          "type": "string",
        },
      },
      "required": [
        "name",
      ],
      "type": "object",
    },
    "name": "update_dashboard",
  },
  {
    "inputSchema": {
      "$schema": "https://json-schema.org/draft/2020-12/schema",
      "properties": {
        "chart_id": {
          "description": "Unique chart identifier (the "i" field).",
          "type": "string",
        },
        "chart_type": {
          "description": "Chart type - area, donut, heatmap, bar-horizontal, line, metric, pie, polar, pyramid, radar, table, treemap, or bar-vertical.",
          "type": "string",
        },
        "clear_fields": {
          "description": "Chart field names to explicitly set to null.",
          "items": {
            "type": "string",
          },
          "type": "array",
        },
        "colors": {
          "description": "List of hex color codes, e.g. ["#A6ADF7", "#4D54A2"].",
          "items": {
            "type": "string",
          },
          "type": "array",
        },
        "dashboard_name": {
          "description": "Name of the dashboard containing the chart.",
          "type": "string",
        },
        "description": {
          "description": "New chart description.",
          "type": "string",
        },
        "direction": {
          "description": "Visual rendering direction - "asc" or "desc".",
          "type": "string",
        },
        "fields": {
          "description": "New list of aggregation/group-by fields.",
          "items": {
            "type": "string",
          },
          "type": "array",
        },
        "h": {
          "description": "Grid row span.",
          "maximum": 9007199254740991,
          "minimum": 1,
          "type": "integer",
        },
        "having": {
          "additionalProperties": {},
          "description": "Post-aggregation filter, e.g. {"operator": "gte", "value": 10}.",
          "propertyNames": {
            "type": "string",
          },
          "type": "object",
        },
        "limit": {
          "description": "Max buckets returned (>= 0).",
          "maximum": 9007199254740991,
          "minimum": 0,
          "type": "integer",
        },
        "local_query": {
          "description": "New HQL query string for chart data.",
          "type": "string",
        },
        "logarithmic": {
          "description": "Enable logarithmic scale on value axis (API field: "log").",
          "type": "boolean",
        },
        "sort_order": {
          "description": "Data sort - "Asc", "Desc", "KeyAsc", or "KeyDesc".",
          "type": "string",
        },
        "title": {
          "description": "New chart title.",
          "type": "string",
        },
        "w": {
          "description": "Grid column span (1-12).",
          "maximum": 12,
          "minimum": 1,
          "type": "integer",
        },
        "x": {
          "description": "Grid x position (0-11).",
          "maximum": 11,
          "minimum": 0,
          "type": "integer",
        },
        "y": {
          "description": "Grid y position.",
          "maximum": 9007199254740991,
          "minimum": 0,
          "type": "integer",
        },
      },
      "required": [
        "dashboard_name",
        "chart_id",
      ],
      "type": "object",
    },
    "name": "update_dashboard_chart",
  },
  {
    "inputSchema": {
      "$schema": "https://json-schema.org/draft/2020-12/schema",
      "properties": {
        "attributes": {
          "description": "Attributes to return. Each: {key, multi, selected}.",
          "items": {
            "properties": {
              "key": {
                "type": "string",
              },
              "multi": {
                "type": "boolean",
              },
              "selected": {
                "type": "boolean",
              },
            },
            "required": [
              "key",
              "multi",
              "selected",
            ],
            "type": "object",
          },
          "type": "array",
        },
        "authentication_type": {
          "description": "(REST) New auth type.",
          "type": "string",
        },
        "base_dn": {
          "description": "(LDAP) New base DN TemplateString.",
          "type": "string",
        },
        "clear_fields": {
          "description": "Top-level field names to explicitly set to null.",
          "items": {
            "type": "string",
          },
          "type": "array",
        },
        "credentials": {
          "description": "(LDAP/REST) New credentials name.",
          "type": "string",
        },
        "description": {
          "description": "New description.",
          "type": "string",
        },
        "disable_hostname_validation": {
          "description": "(LDAP) New hostname validation flag.",
          "type": "boolean",
        },
        "display_name": {
          "description": "Localized display names, e.g. [{lang: 'en', value: 'My DS'}].",
          "items": {
            "properties": {
              "lang": {
                "type": "string",
              },
              "value": {
                "type": "string",
              },
            },
            "required": [
              "lang",
              "value",
            ],
            "type": "object",
          },
          "type": "array",
        },
        "expected_http_codes": {
          "description": "(REST) New success HTTP codes.",
          "items": {
            "maximum": 9007199254740991,
            "minimum": -9007199254740991,
            "type": "integer",
          },
          "type": "array",
        },
        "filter": {
          "description": "(LDAP) New search filter TemplateString.",
          "type": "string",
        },
        "follow_referrals": {
          "description": "(LDAP) New referral traversal flag.",
          "type": "boolean",
        },
        "headers": {
          "description": "(REST) New HTTP headers.",
          "items": {
            "properties": {
              "name": {
                "type": "string",
              },
              "value": {
                "type": "string",
              },
            },
            "required": [
              "name",
              "value",
            ],
            "type": "object",
          },
          "type": "array",
        },
        "host": {
          "description": "(DNS) New DNS server IP.",
          "type": "string",
        },
        "hostname": {
          "description": "(LDAP) New LDAP server URL.",
          "type": "string",
        },
        "limit": {
          "description": "(LDAP) New result limit.",
          "maximum": 9007199254740991,
          "minimum": -9007199254740991,
          "type": "integer",
        },
        "lookup": {
          "description": "(DNS) New lookup TemplateString.",
          "type": "string",
        },
        "method": {
          "description": "(REST) New HTTP method.",
          "type": "string",
        },
        "name": {
          "description": "Datasource name to update (cannot be changed).",
          "type": "string",
        },
        "payload": {
          "description": "(REST) New request body TemplateString.",
          "type": "string",
        },
        "payload_type": {
          "description": "(REST) New payload format hint.",
          "type": "string",
        },
        "port": {
          "description": "(DNS/LDAP) New port number.",
          "maximum": 9007199254740991,
          "minimum": -9007199254740991,
          "type": "integer",
        },
        "proxy": {
          "description": "(LDAP/REST) New proxy name.",
          "type": "string",
        },
        "record_types": {
          "description": "(DNS) New record type filter.",
          "items": {
            "type": "string",
          },
          "type": "array",
        },
        "secure": {
          "description": "(LDAP) New secure flag.",
          "type": "boolean",
        },
        "timeout": {
          "description": "New timeout in duration format.",
          "type": "string",
        },
        "url": {
          "description": "(REST) New endpoint URL TemplateString.",
          "type": "string",
        },
      },
      "required": [
        "name",
      ],
      "type": "object",
    },
    "name": "update_datasource",
  },
  {
    "inputSchema": {
      "$schema": "https://json-schema.org/draft/2020-12/schema",
      "properties": {
        "authorization_levels": {
          "additionalProperties": {},
          "description": "New access control configuration.",
          "properties": {
            "feed": {
              "additionalProperties": {},
              "properties": {
                "accessLevel": {
                  "enum": [
                    "everyone",
                    "authenticated",
                    "authorized",
                  ],
                  "type": "string",
                },
                "enforcedIdentityProviders": {
                  "items": {
                    "type": "string",
                  },
                  "type": "array",
                },
              },
              "required": [
                "accessLevel",
              ],
              "type": "object",
            },
            "search": {
              "additionalProperties": {},
              "properties": {
                "accessLevel": {
                  "enum": [
                    "everyone",
                    "authenticated",
                    "authorized",
                  ],
                  "type": "string",
                },
                "enforcedIdentityProviders": {
                  "items": {
                    "type": "string",
                  },
                  "type": "array",
                },
              },
              "required": [
                "accessLevel",
              ],
              "type": "object",
            },
          },
          "required": [
            "search",
            "feed",
          ],
          "type": "object",
        },
        "clear_fields": {
          "description": "Top-level field names to explicitly set to null.",
          "items": {
            "type": "string",
          },
          "type": "array",
        },
        "description": {
          "description": "New description.",
          "type": "string",
        },
        "enabled": {
          "description": "Whether the campaign is active.",
          "type": "boolean",
        },
        "event_on_failure": {
          "description": "Whether to generate events on failures.",
          "type": "boolean",
        },
        "event_on_success": {
          "description": "Whether to generate events on success.",
          "type": "boolean",
        },
        "event_on_warning": {
          "description": "Whether to generate events on warnings.",
          "type": "boolean",
        },
        "grading_policies": {
          "description": "New list of grading policy names.",
          "items": {
            "type": "string",
          },
          "type": "array",
        },
        "hosts": {
          "description": "New list of hosts/IP ranges.",
          "items": {
            "type": "string",
          },
          "type": "array",
        },
        "name": {
          "description": "Campaign name to update.",
          "type": "string",
        },
        "ports": {
          "description": "New list of ports.",
          "items": {
            "maximum": 9007199254740991,
            "minimum": -9007199254740991,
            "type": "integer",
          },
          "type": "array",
        },
      },
      "required": [
        "name",
      ],
      "type": "object",
    },
    "name": "update_discovery_campaign",
  },
  {
    "inputSchema": {
      "$schema": "https://json-schema.org/draft/2020-12/schema",
      "properties": {
        "description": {
          "description": "Optional human-readable description.",
          "type": "string",
        },
        "name": {
          "description": "Unique query name (acts as the upsert key).",
          "type": "string",
        },
        "query": {
          "description": "The HQL query string.",
          "type": "string",
        },
        "query_type": {
          "description": "HQL language - "hcql", "hrql", "heql", "hdql", or "hpql".",
          "enum": [
            "hcql",
            "hrql",
            "heql",
            "hdql",
            "hpql",
          ],
          "type": "string",
        },
      },
      "required": [
        "name",
        "query_type",
        "query",
      ],
      "type": "object",
    },
    "name": "upsert_saved_query",
  },
  {
    "inputSchema": {
      "$schema": "https://json-schema.org/draft/2020-12/schema",
      "properties": {
        "query": {
          "description": "HCQL query to validate.",
          "type": "string",
        },
      },
      "required": [
        "query",
      ],
      "type": "object",
    },
    "name": "validate_hcql",
  },
  {
    "inputSchema": {
      "$schema": "https://json-schema.org/draft/2020-12/schema",
      "properties": {
        "query": {
          "description": "HDQL query to validate.",
          "type": "string",
        },
      },
      "required": [
        "query",
      ],
      "type": "object",
    },
    "name": "validate_hdql",
  },
  {
    "inputSchema": {
      "$schema": "https://json-schema.org/draft/2020-12/schema",
      "properties": {
        "query": {
          "description": "HEQL query to validate.",
          "type": "string",
        },
      },
      "required": [
        "query",
      ],
      "type": "object",
    },
    "name": "validate_heql",
  },
  {
    "inputSchema": {
      "$schema": "https://json-schema.org/draft/2020-12/schema",
      "properties": {
        "dialect": {
          "description": "Query dialect: hcql (certificates), hrql (requests), heql (events), hdql (discovery events).",
          "enum": [
            "hcql",
            "hrql",
            "heql",
            "hdql",
          ],
          "type": "string",
        },
        "query": {
          "description": "Query expression to validate.",
          "type": "string",
        },
      },
      "required": [
        "dialect",
        "query",
      ],
      "type": "object",
    },
    "name": "validate_hql",
  },
  {
    "inputSchema": {
      "$schema": "https://json-schema.org/draft/2020-12/schema",
      "properties": {
        "query": {
          "description": "HRQL query to validate.",
          "type": "string",
        },
      },
      "required": [
        "query",
      ],
      "type": "object",
    },
    "name": "validate_hrql",
  },
  {
    "inputSchema": {
      "properties": {},
      "type": "object",
    },
    "name": "whoami",
  },
]
`;
